2026-09-14 13:16:05,993 | INFO | Starting Transformer experiment.
2026-09-14 13:16:05,993 | INFO | Device: cuda, Channels: ['A', 'C', 'G', 'T', 'CTCF', 'Dnase', 'H3K4me3', 'RRBS']
2026-09-14 13:16:09,303 | INFO | Epoch    1 | Train Loss: 0.02606570 | Validation Loss: 0.01804091
2026-09-14 13:16:09,504 | INFO | Epoch    2 | Train Loss: 0.01438760 | Validation Loss: 0.01474320
2026-09-14 13:16:09,737 | INFO | Epoch    3 | Train Loss: 0.01385267 | Validation Loss: 0.01467190
2026-09-14 13:16:10,107 | INFO | Epoch    5 | Train Loss: 0.01309516 | Validation Loss: 0.01425264
2026-09-14 13:16:11,105 | INFO | Epoch   10 | Train Loss: 0.01249077 | Validation Loss: 0.01458768
2026-09-14 13:16:11,332 | INFO | Epoch   11 | Train Loss: 0.01259062 | Validation Loss: 0.01378704
2026-09-14 13:16:11,544 | INFO | Epoch   12 | Train Loss: 0.01212045 | Validation Loss: 0.01351915
2026-09-14 13:16:11,780 | INFO | Epoch   13 | Train Loss: 0.01203652 | Validation Loss: 0.01327359
2026-09-14 13:16:11,978 | INFO | Epoch   14 | Train Loss: 0.01208193 | Validation Loss: 0.01322603
2026-09-14 13:16:12,509 | INFO | Epoch   17 | Train Loss: 0.01184642 | Validation Loss: 0.01309496
2026-09-14 13:16:13,072 | INFO | Epoch   20 | Train Loss: 0.01196334 | Validation Loss: 0.01330112
2026-09-14 13:16:13,229 | INFO | Epoch   21 | Train Loss: 0.01169367 | Validation Loss: 0.01282939
2026-09-14 13:16:13,381 | INFO | Epoch   22 | Train Loss: 0.01133514 | Validation Loss: 0.01258496
2026-09-14 13:16:14,844 | INFO | Epoch   30 | Train Loss: 0.01099777 | Validation Loss: 0.01272176
2026-09-14 13:16:15,222 | INFO | Epoch   32 | Train Loss: 0.01074350 | Validation Loss: 0.01247486
2026-09-14 13:16:16,244 | INFO | Epoch   37 | Train Loss: 0.01075529 | Validation Loss: 0.01234113
2026-09-14 13:16:16,874 | INFO | Epoch   40 | Train Loss: 0.01097911 | Validation Loss: 0.01350090
2026-09-14 13:16:17,976 | INFO | Epoch   43 | Train Loss: 0.01057575 | Validation Loss: 0.01229963
2026-09-14 13:16:18,320 | INFO | Epoch   44 | Train Loss: 0.01024400 | Validation Loss: 0.01220083
2026-09-14 13:16:19,563 | INFO | Epoch   50 | Train Loss: 0.01030371 | Validation Loss: 0.01264663
2026-09-14 13:16:19,812 | INFO | Epoch   51 | Train Loss: 0.01022708 | Validation Loss: 0.01217966
2026-09-14 13:16:20,918 | INFO | Epoch   55 | Train Loss: 0.01024658 | Validation Loss: 0.01205461
2026-09-14 13:16:22,119 | INFO | Epoch   60 | Train Loss: 0.00998882 | Validation Loss: 0.01263949
2026-09-14 13:16:24,217 | INFO | Epoch   70 | Train Loss: 0.00978684 | Validation Loss: 0.01265260
2026-09-14 13:16:25,654 | INFO | Early stopping triggered at epoch 75. Best epoch: 55
2026-09-14 13:16:25,656 | INFO | Restored best checkpoint from epoch 55.
2026-09-14 13:16:25,672 | INFO | Final Validation R2: 0.1969
2026-09-14 13:16:25,687 | INFO | Final Test Evaluation -> R2: 0.1585, Pearson: 0.4130
2026-09-14 13:16:25,687 | INFO | Computing Transformer Attention Entropy whitelist importance...
2026-09-14 13:16:25,700 | INFO | Transformer XAI whitelist importance computed (184 rows).
2026-09-14 13:16:25,726 | INFO | Transformer experiment finished successfully.
