2026-09-14 13:52:08,106 | INFO | Starting Transformer experiment.
2026-09-14 13:52:08,106 | INFO | Device: cuda, Channels: ['A', 'C', 'G', 'T', 'CTCF', 'Dnase', 'H3K4me3', 'RRBS']
2026-09-14 13:52:11,227 | INFO | Epoch    1 | Train Loss: 0.02832251 | Validation Loss: 0.01670826
2026-09-14 13:52:11,635 | INFO | Epoch    2 | Train Loss: 0.01500615 | Validation Loss: 0.01587663
2026-09-14 13:52:12,473 | INFO | Epoch    5 | Train Loss: 0.01475035 | Validation Loss: 0.01574051
2026-09-14 13:52:12,890 | INFO | Epoch    7 | Train Loss: 0.01421366 | Validation Loss: 0.01552146
2026-09-14 13:52:13,523 | INFO | Epoch   10 | Train Loss: 0.01462847 | Validation Loss: 0.01901401
2026-09-14 13:52:15,508 | INFO | Epoch   20 | Train Loss: 0.01399556 | Validation Loss: 0.01556038
2026-09-14 13:52:15,701 | INFO | Epoch   21 | Train Loss: 0.01369966 | Validation Loss: 0.01549830
2026-09-14 13:52:16,216 | INFO | Epoch   23 | Train Loss: 0.01370261 | Validation Loss: 0.01546294
2026-09-14 13:52:17,794 | INFO | Epoch   30 | Train Loss: 0.01406261 | Validation Loss: 0.01587114
2026-09-14 13:52:18,424 | INFO | Epoch   33 | Train Loss: 0.01354774 | Validation Loss: 0.01545986
2026-09-14 13:52:18,644 | INFO | Epoch   34 | Train Loss: 0.01383759 | Validation Loss: 0.01532875
2026-09-14 13:52:20,081 | INFO | Epoch   40 | Train Loss: 0.01284923 | Validation Loss: 0.01572613
2026-09-14 13:52:20,795 | INFO | Epoch   43 | Train Loss: 0.01311437 | Validation Loss: 0.01517816
2026-09-14 13:52:22,917 | INFO | Epoch   50 | Train Loss: 0.01231848 | Validation Loss: 0.01549666
2026-09-14 13:52:25,554 | INFO | Epoch   60 | Train Loss: 0.01227972 | Validation Loss: 0.01489295
2026-09-14 13:52:27,980 | INFO | Epoch   70 | Train Loss: 0.01142540 | Validation Loss: 0.01537431
2026-09-14 13:52:28,742 | INFO | Epoch   73 | Train Loss: 0.01116944 | Validation Loss: 0.01472406
2026-09-14 13:52:30,963 | INFO | Epoch   80 | Train Loss: 0.01049275 | Validation Loss: 0.01602851
2026-09-14 13:52:33,132 | INFO | Epoch   90 | Train Loss: 0.01007424 | Validation Loss: 0.01715466
2026-09-14 13:52:33,806 | INFO | Early stopping triggered at epoch 93. Best epoch: 73
2026-09-14 13:52:33,813 | INFO | Restored best checkpoint from epoch 73.
2026-09-14 13:52:33,827 | INFO | Final Validation R2: 0.0655
2026-09-14 13:52:33,841 | INFO | Final Test Evaluation -> R2: -0.1032, Pearson: 0.0657
2026-09-14 13:52:33,841 | INFO | Computing Transformer Attention Entropy whitelist importance...
2026-09-14 13:52:33,868 | INFO | Transformer XAI whitelist importance computed (184 rows).
2026-09-14 13:52:33,893 | INFO | Transformer experiment finished successfully.
