2026-09-14 14:27:19,125 | INFO | Starting Transformer experiment.
2026-09-14 14:27:19,125 | INFO | Device: cuda, Channels: ['A', 'C', 'G', 'T', 'CTCF', 'Dnase', 'H3K4me3', 'RRBS']
2026-09-14 14:27:25,919 | INFO | Epoch    1 | Train Loss: 0.03248151 | Validation Loss: 0.02781217
2026-09-14 14:27:27,298 | INFO | Epoch    2 | Train Loss: 0.02931161 | Validation Loss: 0.02587625
2026-09-14 14:27:31,823 | INFO | Epoch    5 | Train Loss: 0.02743605 | Validation Loss: 0.02513414
2026-09-14 14:27:33,242 | INFO | Epoch    6 | Train Loss: 0.02701078 | Validation Loss: 0.02507413
2026-09-14 14:27:36,135 | INFO | Epoch    7 | Train Loss: 0.02675605 | Validation Loss: 0.02503134
2026-09-14 14:27:38,261 | INFO | Epoch    8 | Train Loss: 0.02692834 | Validation Loss: 0.02502431
2026-09-14 14:27:43,038 | INFO | Epoch   10 | Train Loss: 0.02586325 | Validation Loss: 0.02735015
2026-09-14 14:27:47,013 | INFO | Epoch   13 | Train Loss: 0.02548567 | Validation Loss: 0.02480154
2026-09-14 14:27:59,851 | INFO | Epoch   20 | Train Loss: 0.02473668 | Validation Loss: 0.02485473
2026-09-14 14:28:01,614 | INFO | Epoch   21 | Train Loss: 0.02486950 | Validation Loss: 0.02472019
2026-09-14 14:28:18,021 | INFO | Epoch   30 | Train Loss: 0.02376561 | Validation Loss: 0.02627535
2026-09-14 14:28:36,271 | INFO | Epoch   40 | Train Loss: 0.02294213 | Validation Loss: 0.02675494
2026-09-14 14:28:38,416 | INFO | Early stopping triggered at epoch 41. Best epoch: 21
2026-09-14 14:28:38,417 | INFO | Restored best checkpoint from epoch 21.
2026-09-14 14:28:38,486 | INFO | Final Validation R2: 0.0683
2026-09-14 14:28:38,554 | INFO | Final Test Evaluation -> R2: 0.0670, Pearson: 0.2711
2026-09-14 14:28:38,554 | INFO | Computing Transformer Attention Entropy whitelist importance...
2026-09-14 14:28:38,580 | INFO | Transformer XAI whitelist importance computed (184 rows).
2026-09-14 14:28:38,616 | INFO | Transformer experiment finished successfully.
