2026-09-14 12:22:18,205 | INFO | Starting Transformer experiment.
2026-09-14 12:22:18,205 | INFO | Device: cuda, Channels: ['A', 'C', 'G', 'T', 'CTCF', 'Dnase', 'H3K4me3', 'RRBS']
2026-09-14 12:22:21,932 | INFO | Epoch    1 | Train Loss: 0.03525544 | Validation Loss: 0.02991214
2026-09-14 12:22:22,641 | INFO | Epoch    3 | Train Loss: 0.03080948 | Validation Loss: 0.02914317
2026-09-14 12:22:23,433 | INFO | Epoch    5 | Train Loss: 0.03008780 | Validation Loss: 0.02899312
2026-09-14 12:22:23,823 | INFO | Epoch    6 | Train Loss: 0.02960512 | Validation Loss: 0.02832145
2026-09-14 12:22:24,290 | INFO | Epoch    7 | Train Loss: 0.02860604 | Validation Loss: 0.02712363
2026-09-14 12:22:24,875 | INFO | Epoch    8 | Train Loss: 0.02894757 | Validation Loss: 0.02659169
2026-09-14 12:22:26,038 | INFO | Epoch   10 | Train Loss: 0.02781829 | Validation Loss: 0.02702913
2026-09-14 12:22:26,542 | INFO | Epoch   11 | Train Loss: 0.02821769 | Validation Loss: 0.02611499
2026-09-14 12:22:27,883 | INFO | Epoch   14 | Train Loss: 0.02698630 | Validation Loss: 0.02610022
2026-09-14 12:22:29,813 | INFO | Epoch   18 | Train Loss: 0.02660962 | Validation Loss: 0.02587128
2026-09-14 12:22:30,304 | INFO | Epoch   19 | Train Loss: 0.02652207 | Validation Loss: 0.02574315
2026-09-14 12:22:30,777 | INFO | Epoch   20 | Train Loss: 0.02644557 | Validation Loss: 0.02610281
2026-09-14 12:22:31,192 | INFO | Epoch   21 | Train Loss: 0.02604401 | Validation Loss: 0.02572314
2026-09-14 12:22:32,735 | INFO | Epoch   25 | Train Loss: 0.02591852 | Validation Loss: 0.02564198
2026-09-14 12:22:34,560 | INFO | Epoch   30 | Train Loss: 0.02511919 | Validation Loss: 0.02591334
2026-09-14 12:22:40,177 | INFO | Epoch   40 | Train Loss: 0.02473179 | Validation Loss: 0.02599903
2026-09-14 12:22:43,455 | INFO | Early stopping triggered at epoch 45. Best epoch: 25
2026-09-14 12:22:43,457 | INFO | Restored best checkpoint from epoch 25.
2026-09-14 12:22:43,478 | INFO | Final Validation R2: 0.1204
2026-09-14 12:22:43,506 | INFO | Final Test Evaluation -> R2: 0.1218, Pearson: 0.3548
2026-09-14 12:22:43,506 | INFO | Computing Transformer Attention Entropy whitelist importance...
2026-09-14 12:22:43,524 | INFO | Transformer XAI whitelist importance computed (184 rows).
2026-09-14 12:22:43,554 | INFO | Transformer experiment finished successfully.
