2026-09-14 13:50:08,653 | INFO | Starting Transformer experiment.
2026-09-14 13:50:08,654 | INFO | Device: cuda, Channels: ['A', 'C', 'G', 'T', 'CTCF', 'Dnase', 'H3K4me3', 'RRBS']
2026-09-14 13:50:14,056 | INFO | Epoch    1 | Train Loss: 0.03229412 | Validation Loss: 0.02765874
2026-09-14 13:50:16,038 | INFO | Epoch    2 | Train Loss: 0.02941425 | Validation Loss: 0.02594808
2026-09-14 13:50:19,659 | INFO | Epoch    4 | Train Loss: 0.02807366 | Validation Loss: 0.02564122
2026-09-14 13:50:21,011 | INFO | Epoch    5 | Train Loss: 0.02745195 | Validation Loss: 0.02513438
2026-09-14 13:50:22,260 | INFO | Epoch    6 | Train Loss: 0.02699232 | Validation Loss: 0.02508752
2026-09-14 13:50:30,299 | INFO | Epoch   10 | Train Loss: 0.02598015 | Validation Loss: 0.02615726
2026-09-14 13:50:34,373 | INFO | Epoch   13 | Train Loss: 0.02543058 | Validation Loss: 0.02507994
2026-09-14 13:50:37,460 | INFO | Epoch   15 | Train Loss: 0.02546381 | Validation Loss: 0.02503647
2026-09-14 13:50:42,991 | INFO | Epoch   18 | Train Loss: 0.02515349 | Validation Loss: 0.02498794
2026-09-14 13:50:47,544 | INFO | Epoch   20 | Train Loss: 0.02480836 | Validation Loss: 0.02497302
2026-09-14 13:50:54,564 | INFO | Epoch   25 | Train Loss: 0.02429789 | Validation Loss: 0.02488781
2026-09-14 13:51:03,480 | INFO | Epoch   30 | Train Loss: 0.02379430 | Validation Loss: 0.02662847
2026-09-14 13:51:19,815 | INFO | Epoch   40 | Train Loss: 0.02324761 | Validation Loss: 0.02590545
2026-09-14 13:51:27,330 | INFO | Early stopping triggered at epoch 45. Best epoch: 25
2026-09-14 13:51:27,331 | INFO | Restored best checkpoint from epoch 25.
2026-09-14 13:51:27,402 | INFO | Final Validation R2: 0.0620
2026-09-14 13:51:27,477 | INFO | Final Test Evaluation -> R2: 0.0567, Pearson: 0.2541
2026-09-14 13:51:27,477 | INFO | Computing Transformer Attention Entropy whitelist importance...
2026-09-14 13:51:27,510 | INFO | Transformer XAI whitelist importance computed (184 rows).
2026-09-14 13:51:27,577 | INFO | Transformer experiment finished successfully.
