2026-09-14 15:15:51,581 | INFO | Starting dual-branch CNN experiment.
2026-09-14 15:15:51,583 | INFO | Device: cuda, Channels: ['A', 'C', 'G', 'T', 'CTCF']
2026-09-14 15:15:53,974 | INFO | Epoch    1 | Train Loss: 0.01678858 | Validation Loss: 0.02529056
2026-09-14 15:15:54,094 | INFO | Epoch    2 | Train Loss: 0.01297015 | Validation Loss: 0.01657675
2026-09-14 15:15:54,212 | INFO | Epoch    3 | Train Loss: 0.01299150 | Validation Loss: 0.01490650
2026-09-14 15:15:54,507 | INFO | Epoch    5 | Train Loss: 0.01279255 | Validation Loss: 0.01387373
2026-09-14 15:15:55,255 | INFO | Epoch   10 | Train Loss: 0.01173193 | Validation Loss: 0.01360123
2026-09-14 15:15:55,404 | INFO | Epoch   11 | Train Loss: 0.01169368 | Validation Loss: 0.01347858
2026-09-14 15:15:56,176 | INFO | Epoch   15 | Train Loss: 0.01115917 | Validation Loss: 0.01341709
2026-09-14 15:15:57,356 | INFO | Epoch   20 | Train Loss: 0.01078121 | Validation Loss: 0.01353959
2026-09-14 15:15:57,836 | INFO | Epoch   22 | Train Loss: 0.01065380 | Validation Loss: 0.01333814
2026-09-14 15:15:59,193 | INFO | Epoch   27 | Train Loss: 0.01019449 | Validation Loss: 0.01330818
2026-09-14 15:15:59,726 | INFO | Epoch   29 | Train Loss: 0.01007746 | Validation Loss: 0.01321726
2026-09-14 15:15:59,968 | INFO | Epoch   30 | Train Loss: 0.00987693 | Validation Loss: 0.01454434
2026-09-14 15:16:02,061 | INFO | Epoch   40 | Train Loss: 0.00877811 | Validation Loss: 0.01459072
2026-09-14 15:16:03,370 | INFO | Early stopping triggered at epoch 49. Best epoch: 29
2026-09-14 15:16:03,372 | INFO | Restored best checkpoint from epoch 29.
2026-09-14 15:16:03,382 | INFO | Final Validation R2: 0.1194
2026-09-14 15:16:03,395 | INFO | Final Test Evaluation -> R2: 0.0131, Pearson: 0.2142
2026-09-14 15:16:03,395 | INFO | Computing CNN In-Silico Mutagenesis (ISM) and Integrated Gradients...
2026-09-14 15:16:04,514 | INFO | CNN XAI whitelist importance computed (115 features).
2026-09-14 15:16:04,540 | INFO | CNN experiment finished successfully.
