2026-09-14 17:19:46,484 | INFO | Starting dual-branch CNN experiment.
2026-09-14 17:19:46,489 | INFO | Device: cuda, Channels: ['A', 'C', 'G', 'T', 'CTCF', 'H3K4me3']
2026-09-14 17:19:48,362 | INFO | Epoch    1 | Train Loss: 0.03506584 | Validation Loss: 0.03205319
2026-09-14 17:19:48,950 | INFO | Epoch    2 | Train Loss: 0.03220836 | Validation Loss: 0.03194700
2026-09-14 17:19:49,308 | INFO | Epoch    3 | Train Loss: 0.03125661 | Validation Loss: 0.03090468
2026-09-14 17:19:50,257 | INFO | Epoch    5 | Train Loss: 0.03001931 | Validation Loss: 0.03026169
2026-09-14 17:19:51,042 | INFO | Epoch    7 | Train Loss: 0.02883083 | Validation Loss: 0.03024162
2026-09-14 17:19:51,453 | INFO | Epoch    8 | Train Loss: 0.02820027 | Validation Loss: 0.02935026
2026-09-14 17:19:52,623 | INFO | Epoch   10 | Train Loss: 0.02729159 | Validation Loss: 0.03334135
2026-09-14 17:19:53,318 | INFO | Epoch   11 | Train Loss: 0.02749966 | Validation Loss: 0.02895611
2026-09-14 17:19:58,855 | INFO | Epoch   20 | Train Loss: 0.02410101 | Validation Loss: 0.04321444
2026-09-14 17:19:59,499 | INFO | Epoch   21 | Train Loss: 0.02351524 | Validation Loss: 0.02854001
2026-09-14 17:20:03,845 | INFO | Epoch   30 | Train Loss: 0.01865232 | Validation Loss: 0.04216443
2026-09-14 17:20:09,086 | INFO | Epoch   40 | Train Loss: 0.01632277 | Validation Loss: 0.03309802
2026-09-14 17:20:09,626 | INFO | Early stopping triggered at epoch 41. Best epoch: 21
2026-09-14 17:20:09,627 | INFO | Restored best checkpoint from epoch 21.
2026-09-14 17:20:09,659 | INFO | Final Validation R2: 0.1402
2026-09-14 17:20:09,700 | INFO | Final Test Evaluation -> R2: 0.0770, Pearson: 0.3191
2026-09-14 17:20:09,700 | INFO | Computing CNN In-Silico Mutagenesis (ISM) and Integrated Gradients...
2026-09-14 17:20:14,544 | INFO | CNN XAI whitelist importance computed (138 features).
2026-09-14 17:20:14,578 | INFO | CNN experiment finished successfully.
