2026-09-14 13:14:36,250 | INFO | Starting Transformer experiment.
2026-09-14 13:14:36,250 | INFO | Device: cuda, Channels: ['A', 'C', 'G', 'T', 'CTCF', 'Dnase', 'H3K4me3', 'RRBS']
2026-09-14 13:14:39,833 | INFO | Epoch    1 | Train Loss: 0.02654697 | Validation Loss: 0.01620549
2026-09-14 13:14:40,374 | INFO | Epoch    2 | Train Loss: 0.01498462 | Validation Loss: 0.01575116
2026-09-14 13:14:40,849 | INFO | Epoch    3 | Train Loss: 0.01469746 | Validation Loss: 0.01567892
2026-09-14 13:14:42,297 | INFO | Epoch    7 | Train Loss: 0.01432588 | Validation Loss: 0.01549413
2026-09-14 13:14:42,995 | INFO | Epoch   10 | Train Loss: 0.01454611 | Validation Loss: 0.01775899
2026-09-14 13:14:44,620 | INFO | Epoch   15 | Train Loss: 0.01404904 | Validation Loss: 0.01546644
2026-09-14 13:14:46,257 | INFO | Epoch   20 | Train Loss: 0.01402168 | Validation Loss: 0.01540627
2026-09-14 13:14:46,560 | INFO | Epoch   21 | Train Loss: 0.01370128 | Validation Loss: 0.01539850
2026-09-14 13:14:47,198 | INFO | Epoch   23 | Train Loss: 0.01372991 | Validation Loss: 0.01534781
2026-09-14 13:14:49,079 | INFO | Epoch   30 | Train Loss: 0.01419149 | Validation Loss: 0.01570288
2026-09-14 13:14:49,887 | INFO | Epoch   34 | Train Loss: 0.01373044 | Validation Loss: 0.01532330
2026-09-14 13:14:51,298 | INFO | Epoch   40 | Train Loss: 0.01306764 | Validation Loss: 0.01570682
2026-09-14 13:14:52,053 | INFO | Epoch   43 | Train Loss: 0.01320411 | Validation Loss: 0.01531583
2026-09-14 13:14:54,698 | INFO | Epoch   50 | Train Loss: 0.01270224 | Validation Loss: 0.01565841
2026-09-14 13:14:56,070 | INFO | Epoch   55 | Train Loss: 0.01271369 | Validation Loss: 0.01528690
2026-09-14 13:14:56,594 | INFO | Epoch   58 | Train Loss: 0.01245093 | Validation Loss: 0.01524626
2026-09-14 13:14:56,928 | INFO | Epoch   60 | Train Loss: 0.01253488 | Validation Loss: 0.01568988
2026-09-14 13:14:59,148 | INFO | Epoch   70 | Train Loss: 0.01223793 | Validation Loss: 0.01579470
2026-09-14 13:15:00,909 | INFO | Early stopping triggered at epoch 78. Best epoch: 58
2026-09-14 13:15:00,912 | INFO | Restored best checkpoint from epoch 58.
2026-09-14 13:15:00,935 | INFO | Final Validation R2: 0.0324
2026-09-14 13:15:00,953 | INFO | Final Test Evaluation -> R2: 0.0202, Pearson: 0.1533
2026-09-14 13:15:00,954 | INFO | Computing Transformer Attention Entropy whitelist importance...
2026-09-14 13:15:00,969 | INFO | Transformer XAI whitelist importance computed (184 rows).
2026-09-14 13:15:01,003 | INFO | Transformer experiment finished successfully.
