2026-09-14 16:51:51,241 | INFO | Starting dual-branch CNN experiment.
2026-09-14 16:51:51,244 | INFO | Device: cuda, Channels: ['A', 'C', 'G', 'T', 'CTCF', 'Dnase']
2026-09-14 16:51:53,722 | INFO | Epoch    1 | Train Loss: 0.03720865 | Validation Loss: 0.03133708
2026-09-14 16:51:53,962 | INFO | Epoch    2 | Train Loss: 0.03072843 | Validation Loss: 0.02785226
2026-09-14 16:51:54,618 | INFO | Epoch    4 | Train Loss: 0.02933910 | Validation Loss: 0.02743730
2026-09-14 16:51:55,023 | INFO | Epoch    5 | Train Loss: 0.02954107 | Validation Loss: 0.02740476
2026-09-14 16:51:55,846 | INFO | Epoch    7 | Train Loss: 0.02829783 | Validation Loss: 0.02703693
2026-09-14 16:51:56,740 | INFO | Epoch   10 | Train Loss: 0.02780547 | Validation Loss: 0.02779609
2026-09-14 16:51:58,063 | INFO | Epoch   15 | Train Loss: 0.02696482 | Validation Loss: 0.02697094
2026-09-14 16:51:58,561 | INFO | Epoch   17 | Train Loss: 0.02619943 | Validation Loss: 0.02684474
2026-09-14 16:51:59,352 | INFO | Epoch   20 | Train Loss: 0.02579416 | Validation Loss: 0.02636777
2026-09-14 16:52:00,739 | INFO | Epoch   26 | Train Loss: 0.02499521 | Validation Loss: 0.02623295
2026-09-14 16:52:01,814 | INFO | Epoch   30 | Train Loss: 0.02455269 | Validation Loss: 0.02712949
2026-09-14 16:52:04,474 | INFO | Epoch   37 | Train Loss: 0.02384934 | Validation Loss: 0.02609110
2026-09-14 16:52:05,343 | INFO | Epoch   40 | Train Loss: 0.02390770 | Validation Loss: 0.02666165
2026-09-14 16:52:07,448 | INFO | Epoch   50 | Train Loss: 0.02270310 | Validation Loss: 0.02728637
2026-09-14 16:52:09,187 | INFO | Early stopping triggered at epoch 57. Best epoch: 37
2026-09-14 16:52:09,188 | INFO | Restored best checkpoint from epoch 37.
2026-09-14 16:52:09,208 | INFO | Final Validation R2: 0.1050
2026-09-14 16:52:09,229 | INFO | Final Test Evaluation -> R2: 0.0680, Pearson: 0.2782
2026-09-14 16:52:09,229 | INFO | Computing CNN In-Silico Mutagenesis (ISM) and Integrated Gradients...
2026-09-14 16:52:12,621 | INFO | CNN XAI whitelist importance computed (138 features).
2026-09-14 16:52:12,663 | INFO | CNN experiment finished successfully.
