2026-09-14 12:49:31,600 | INFO | Starting Transformer experiment.
2026-09-14 12:49:31,601 | INFO | Device: cuda, Channels: ['A', 'C', 'G', 'T', 'CTCF', 'Dnase', 'H3K4me3', 'RRBS']
2026-09-14 12:49:33,625 | INFO | Epoch    1 | Train Loss: 0.02575741 | Validation Loss: 0.01620379
2026-09-14 12:49:33,798 | INFO | Epoch    2 | Train Loss: 0.01485074 | Validation Loss: 0.01580324
2026-09-14 12:49:33,969 | INFO | Epoch    3 | Train Loss: 0.01471847 | Validation Loss: 0.01572240
2026-09-14 12:49:34,365 | INFO | Epoch    5 | Train Loss: 0.01475250 | Validation Loss: 0.01568303
2026-09-14 12:49:34,897 | INFO | Epoch    7 | Train Loss: 0.01424168 | Validation Loss: 0.01547246
2026-09-14 12:49:35,870 | INFO | Epoch   10 | Train Loss: 0.01455062 | Validation Loss: 0.01817921
2026-09-14 12:49:38,351 | INFO | Epoch   20 | Train Loss: 0.01395569 | Validation Loss: 0.01554951
2026-09-14 12:49:39,065 | INFO | Epoch   23 | Train Loss: 0.01364308 | Validation Loss: 0.01546560
2026-09-14 12:49:40,354 | INFO | Epoch   30 | Train Loss: 0.01392969 | Validation Loss: 0.01572356
2026-09-14 12:49:41,389 | INFO | Epoch   34 | Train Loss: 0.01358941 | Validation Loss: 0.01530214
2026-09-14 12:49:42,964 | INFO | Epoch   40 | Train Loss: 0.01257102 | Validation Loss: 0.01553630
2026-09-14 12:49:43,208 | INFO | Epoch   41 | Train Loss: 0.01260929 | Validation Loss: 0.01522325
2026-09-14 12:49:43,751 | INFO | Epoch   43 | Train Loss: 0.01302774 | Validation Loss: 0.01495735
2026-09-14 12:49:46,272 | INFO | Epoch   50 | Train Loss: 0.01212681 | Validation Loss: 0.01510823
2026-09-14 12:49:47,294 | INFO | Epoch   53 | Train Loss: 0.01246754 | Validation Loss: 0.01486710
2026-09-14 12:49:48,690 | INFO | Epoch   60 | Train Loss: 0.01193766 | Validation Loss: 0.01505554
2026-09-14 12:49:50,699 | INFO | Epoch   70 | Train Loss: 0.01197021 | Validation Loss: 0.01587549
2026-09-14 12:49:51,260 | INFO | Early stopping triggered at epoch 73. Best epoch: 53
2026-09-14 12:49:51,261 | INFO | Restored best checkpoint from epoch 53.
2026-09-14 12:49:51,274 | INFO | Final Validation R2: 0.0564
2026-09-14 12:49:51,299 | INFO | Final Test Evaluation -> R2: -0.0707, Pearson: 0.0199
2026-09-14 12:49:51,299 | INFO | Computing Transformer Attention Entropy whitelist importance...
2026-09-14 12:49:51,310 | INFO | Transformer XAI whitelist importance computed (184 rows).
2026-09-14 12:49:51,331 | INFO | Transformer experiment finished successfully.
