2026-09-14 13:08:41,177 | INFO | Starting Transformer experiment.
2026-09-14 13:08:41,178 | INFO | Device: cuda, Channels: ['A', 'C', 'G', 'T', 'CTCF', 'Dnase', 'H3K4me3', 'RRBS']
2026-09-14 13:08:45,538 | INFO | Epoch    1 | Train Loss: 0.02979954 | Validation Loss: 0.02854168
2026-09-14 13:08:46,916 | INFO | Epoch    2 | Train Loss: 0.02773341 | Validation Loss: 0.02722258
2026-09-14 13:08:49,116 | INFO | Epoch    3 | Train Loss: 0.02698500 | Validation Loss: 0.02712858
2026-09-14 13:08:50,782 | INFO | Epoch    4 | Train Loss: 0.02643780 | Validation Loss: 0.02660947
2026-09-14 13:08:53,244 | INFO | Epoch    5 | Train Loss: 0.02627776 | Validation Loss: 0.02638645
2026-09-14 13:08:54,740 | INFO | Epoch    6 | Train Loss: 0.02587058 | Validation Loss: 0.02631319
2026-09-14 13:08:57,658 | INFO | Epoch    8 | Train Loss: 0.02540949 | Validation Loss: 0.02591748
2026-09-14 13:08:59,602 | INFO | Epoch    9 | Train Loss: 0.02536766 | Validation Loss: 0.02591275
2026-09-14 13:09:01,281 | INFO | Epoch   10 | Train Loss: 0.02507570 | Validation Loss: 0.02603715
2026-09-14 13:09:06,538 | INFO | Epoch   13 | Train Loss: 0.02491537 | Validation Loss: 0.02560485
2026-09-14 13:09:17,946 | INFO | Epoch   20 | Train Loss: 0.02420959 | Validation Loss: 0.02599795
2026-09-14 13:09:24,997 | INFO | Epoch   24 | Train Loss: 0.02394921 | Validation Loss: 0.02553376
2026-09-14 13:09:36,611 | INFO | Epoch   30 | Train Loss: 0.02354052 | Validation Loss: 0.02692293
2026-09-14 13:09:53,607 | INFO | Epoch   40 | Train Loss: 0.02287314 | Validation Loss: 0.02747740
2026-09-14 13:10:00,828 | INFO | Early stopping triggered at epoch 44. Best epoch: 24
2026-09-14 13:10:00,829 | INFO | Restored best checkpoint from epoch 24.
2026-09-14 13:10:00,941 | INFO | Final Validation R2: 0.0842
2026-09-14 13:10:01,034 | INFO | Final Test Evaluation -> R2: 0.0785, Pearson: 0.2855
2026-09-14 13:10:01,035 | INFO | Computing Transformer Attention Entropy whitelist importance...
2026-09-14 13:10:01,100 | INFO | Transformer XAI whitelist importance computed (184 rows).
2026-09-14 13:10:01,159 | INFO | Transformer experiment finished successfully.
