2026-09-14 19:01:59,350 | INFO | Starting dual-branch CNN experiment.
2026-09-14 19:01:59,352 | INFO | Device: cuda, Channels: ['A', 'C', 'G', 'T', 'H3K4me3', 'RRBS']
2026-09-14 19:02:02,819 | INFO | Epoch    1 | Train Loss: 0.02184085 | Validation Loss: 0.02747623
2026-09-14 19:02:02,931 | INFO | Epoch    2 | Train Loss: 0.01393693 | Validation Loss: 0.01626665
2026-09-14 19:02:03,066 | INFO | Epoch    3 | Train Loss: 0.01396355 | Validation Loss: 0.01526881
2026-09-14 19:02:03,342 | INFO | Epoch    5 | Train Loss: 0.01353145 | Validation Loss: 0.01441678
2026-09-14 19:02:03,667 | INFO | Epoch    7 | Train Loss: 0.01271438 | Validation Loss: 0.01407773
2026-09-14 19:02:04,145 | INFO | Epoch   10 | Train Loss: 0.01228933 | Validation Loss: 0.01453969
2026-09-14 19:02:04,311 | INFO | Epoch   11 | Train Loss: 0.01245709 | Validation Loss: 0.01340160
2026-09-14 19:02:04,934 | INFO | Epoch   15 | Train Loss: 0.01191290 | Validation Loss: 0.01317382
2026-09-14 19:02:05,839 | INFO | Epoch   20 | Train Loss: 0.01130268 | Validation Loss: 0.01428762
2026-09-14 19:02:06,312 | INFO | Epoch   24 | Train Loss: 0.01060114 | Validation Loss: 0.01304887
2026-09-14 19:02:06,986 | INFO | Epoch   30 | Train Loss: 0.01037464 | Validation Loss: 0.01317732
2026-09-14 19:02:08,449 | INFO | Epoch   40 | Train Loss: 0.00942827 | Validation Loss: 0.01325072
2026-09-14 19:02:08,943 | INFO | Early stopping triggered at epoch 44. Best epoch: 24
2026-09-14 19:02:08,945 | INFO | Restored best checkpoint from epoch 24.
2026-09-14 19:02:08,956 | INFO | Final Validation R2: 0.1307
2026-09-14 19:02:08,969 | INFO | Final Test Evaluation -> R2: 0.0686, Pearson: 0.2923
2026-09-14 19:02:08,969 | INFO | Computing CNN In-Silico Mutagenesis (ISM) and Integrated Gradients...
2026-09-14 19:02:10,335 | INFO | CNN XAI whitelist importance computed (138 features).
2026-09-14 19:02:10,388 | INFO | CNN experiment finished successfully.
