2026-09-14 12:32:09,663 | INFO | Starting Transformer experiment.
2026-09-14 12:32:09,664 | INFO | Device: cuda, Channels: ['A', 'C', 'G', 'T', 'CTCF', 'Dnase', 'H3K4me3', 'RRBS']
2026-09-14 12:32:17,060 | INFO | Epoch    1 | Train Loss: 0.03133673 | Validation Loss: 0.02689463
2026-09-14 12:32:19,204 | INFO | Epoch    2 | Train Loss: 0.02818029 | Validation Loss: 0.02605760
2026-09-14 12:32:20,790 | INFO | Epoch    3 | Train Loss: 0.02713960 | Validation Loss: 0.02605494
2026-09-14 12:32:23,710 | INFO | Epoch    5 | Train Loss: 0.02623824 | Validation Loss: 0.02579217
2026-09-14 12:32:26,274 | INFO | Epoch    6 | Train Loss: 0.02607666 | Validation Loss: 0.02554570
2026-09-14 12:32:30,902 | INFO | Epoch    9 | Train Loss: 0.02552061 | Validation Loss: 0.02541343
2026-09-14 12:32:33,111 | INFO | Epoch   10 | Train Loss: 0.02527037 | Validation Loss: 0.02570622
2026-09-14 12:32:34,943 | INFO | Epoch   11 | Train Loss: 0.02527352 | Validation Loss: 0.02516465
2026-09-14 12:32:43,440 | INFO | Epoch   16 | Train Loss: 0.02470512 | Validation Loss: 0.02497484
2026-09-14 12:32:44,684 | INFO | Epoch   17 | Train Loss: 0.02454830 | Validation Loss: 0.02484214
2026-09-14 12:32:48,251 | INFO | Epoch   19 | Train Loss: 0.02453887 | Validation Loss: 0.02478069
2026-09-14 12:32:49,597 | INFO | Epoch   20 | Train Loss: 0.02445744 | Validation Loss: 0.02493581
2026-09-14 12:32:51,578 | INFO | Epoch   21 | Train Loss: 0.02416219 | Validation Loss: 0.02453225
2026-09-14 12:33:05,247 | INFO | Epoch   30 | Train Loss: 0.02363451 | Validation Loss: 0.02582024
2026-09-14 12:33:20,350 | INFO | Epoch   40 | Train Loss: 0.02288182 | Validation Loss: 0.02528275
2026-09-14 12:33:22,035 | INFO | Early stopping triggered at epoch 41. Best epoch: 21
2026-09-14 12:33:22,036 | INFO | Restored best checkpoint from epoch 21.
2026-09-14 12:33:22,111 | INFO | Final Validation R2: 0.0900
2026-09-14 12:33:22,181 | INFO | Final Test Evaluation -> R2: 0.0660, Pearson: 0.2651
2026-09-14 12:33:22,181 | INFO | Computing Transformer Attention Entropy whitelist importance...
2026-09-14 12:33:22,225 | INFO | Transformer XAI whitelist importance computed (184 rows).
2026-09-14 12:33:22,262 | INFO | Transformer experiment finished successfully.
