2026-09-14 21:13:36,562 | INFO | Starting dual-branch CNN experiment.
2026-09-14 21:13:36,567 | INFO | Device: cuda, Channels: ['A', 'C', 'G', 'T', 'CTCF', 'Dnase', 'H3K4me3', 'RRBS']
2026-09-14 21:13:39,001 | INFO | Epoch    1 | Train Loss: 0.04239566 | Validation Loss: 0.02946359
2026-09-14 21:13:39,293 | INFO | Epoch    2 | Train Loss: 0.03159213 | Validation Loss: 0.02807182
2026-09-14 21:13:40,205 | INFO | Epoch    4 | Train Loss: 0.02940659 | Validation Loss: 0.02781520
2026-09-14 21:13:40,499 | INFO | Epoch    5 | Train Loss: 0.02893046 | Validation Loss: 0.02776938
2026-09-14 21:13:40,913 | INFO | Epoch    7 | Train Loss: 0.02898351 | Validation Loss: 0.02737763
2026-09-14 21:13:41,185 | INFO | Epoch    8 | Train Loss: 0.02857407 | Validation Loss: 0.02733317
2026-09-14 21:13:41,608 | INFO | Epoch   10 | Train Loss: 0.02831574 | Validation Loss: 0.02716311
2026-09-14 21:13:41,819 | INFO | Epoch   11 | Train Loss: 0.02773579 | Validation Loss: 0.02688594
2026-09-14 21:13:42,272 | INFO | Epoch   13 | Train Loss: 0.02798415 | Validation Loss: 0.02669993
2026-09-14 21:13:42,737 | INFO | Epoch   15 | Train Loss: 0.02699294 | Validation Loss: 0.02665111
2026-09-14 21:13:44,218 | INFO | Epoch   20 | Train Loss: 0.02614551 | Validation Loss: 0.02745908
2026-09-14 21:13:44,744 | INFO | Epoch   22 | Train Loss: 0.02544177 | Validation Loss: 0.02664202
2026-09-14 21:13:48,338 | INFO | Epoch   30 | Train Loss: 0.02477926 | Validation Loss: 0.02880844
2026-09-14 21:13:50,979 | INFO | Epoch   40 | Train Loss: 0.02352504 | Validation Loss: 0.02762723
2026-09-14 21:13:51,703 | INFO | Early stopping triggered at epoch 42. Best epoch: 22
2026-09-14 21:13:51,705 | INFO | Restored best checkpoint from epoch 22.
2026-09-14 21:13:51,727 | INFO | Final Validation R2: 0.0861
2026-09-14 21:13:51,749 | INFO | Final Test Evaluation -> R2: 0.0748, Pearson: 0.2761
2026-09-14 21:13:51,749 | INFO | Computing CNN In-Silico Mutagenesis (ISM) and Integrated Gradients...
2026-09-14 21:13:56,537 | INFO | CNN XAI whitelist importance computed (184 features).
2026-09-14 21:13:56,588 | INFO | CNN experiment finished successfully.
