2026-09-14 19:53:29,635 | INFO | Starting dual-branch CNN experiment.
2026-09-14 19:53:29,638 | INFO | Device: cuda, Channels: ['A', 'C', 'G', 'T', 'CTCF', 'Dnase', 'RRBS']
2026-09-14 19:53:32,399 | INFO | Epoch    1 | Train Loss: 0.03122532 | Validation Loss: 0.02972895
2026-09-14 19:53:32,736 | INFO | Epoch    2 | Train Loss: 0.02990242 | Validation Loss: 0.02956626
2026-09-14 19:53:32,956 | INFO | Epoch    3 | Train Loss: 0.02932706 | Validation Loss: 0.02870784
2026-09-14 19:53:33,182 | INFO | Epoch    4 | Train Loss: 0.02876236 | Validation Loss: 0.02773574
2026-09-14 19:53:33,412 | INFO | Epoch    5 | Train Loss: 0.02849195 | Validation Loss: 0.02760422
2026-09-14 19:53:33,712 | INFO | Epoch    6 | Train Loss: 0.02829852 | Validation Loss: 0.02744056
2026-09-14 19:53:34,622 | INFO | Epoch    9 | Train Loss: 0.02739471 | Validation Loss: 0.02728281
2026-09-14 19:53:34,947 | INFO | Epoch   10 | Train Loss: 0.02699931 | Validation Loss: 0.02710528
2026-09-14 19:53:35,248 | INFO | Epoch   11 | Train Loss: 0.02680188 | Validation Loss: 0.02693417
2026-09-14 19:53:35,718 | INFO | Epoch   13 | Train Loss: 0.02656482 | Validation Loss: 0.02654584
2026-09-14 19:53:37,020 | INFO | Epoch   17 | Train Loss: 0.02563241 | Validation Loss: 0.02652644
2026-09-14 19:53:37,735 | INFO | Epoch   20 | Train Loss: 0.02539061 | Validation Loss: 0.02757607
2026-09-14 19:53:41,171 | INFO | Epoch   30 | Train Loss: 0.02428192 | Validation Loss: 0.02645216
2026-09-14 19:53:42,570 | INFO | Epoch   34 | Train Loss: 0.02347597 | Validation Loss: 0.02641434
2026-09-14 19:53:44,952 | INFO | Epoch   40 | Train Loss: 0.02318083 | Validation Loss: 0.02728756
2026-09-14 19:53:49,003 | INFO | Epoch   50 | Train Loss: 0.02174745 | Validation Loss: 0.03013113
2026-09-14 19:53:49,968 | INFO | Early stopping triggered at epoch 54. Best epoch: 34
2026-09-14 19:53:49,969 | INFO | Restored best checkpoint from epoch 34.
2026-09-14 19:53:49,988 | INFO | Final Validation R2: 0.0939
2026-09-14 19:53:50,009 | INFO | Final Test Evaluation -> R2: 0.0803, Pearson: 0.3012
2026-09-14 19:53:50,009 | INFO | Computing CNN In-Silico Mutagenesis (ISM) and Integrated Gradients...
2026-09-14 19:53:52,446 | INFO | CNN XAI whitelist importance computed (161 features).
2026-09-14 19:53:52,478 | INFO | CNN experiment finished successfully.
