2026-09-14 19:25:14,844 | INFO | Starting dual-branch CNN experiment.
2026-09-14 19:25:14,848 | INFO | Device: cuda, Channels: ['A', 'C', 'G', 'T', 'CTCF', 'Dnase', 'H3K4me3']
2026-09-14 19:25:18,030 | INFO | Epoch    1 | Train Loss: 0.03128121 | Validation Loss: 0.02990991
2026-09-14 19:25:18,511 | INFO | Epoch    2 | Train Loss: 0.03019896 | Validation Loss: 0.02892847
2026-09-14 19:25:18,938 | INFO | Epoch    3 | Train Loss: 0.02907689 | Validation Loss: 0.02846536
2026-09-14 19:25:19,354 | INFO | Epoch    4 | Train Loss: 0.02873412 | Validation Loss: 0.02810795
2026-09-14 19:25:20,411 | INFO | Epoch    6 | Train Loss: 0.02840465 | Validation Loss: 0.02763036
2026-09-14 19:25:21,273 | INFO | Epoch    8 | Train Loss: 0.02774935 | Validation Loss: 0.02761139
2026-09-14 19:25:21,682 | INFO | Epoch    9 | Train Loss: 0.02749093 | Validation Loss: 0.02721079
2026-09-14 19:25:22,018 | INFO | Epoch   10 | Train Loss: 0.02711479 | Validation Loss: 0.02732350
2026-09-14 19:25:22,594 | INFO | Epoch   12 | Train Loss: 0.02687646 | Validation Loss: 0.02712409
2026-09-14 19:25:22,874 | INFO | Epoch   13 | Train Loss: 0.02663127 | Validation Loss: 0.02664983
2026-09-14 19:25:24,091 | INFO | Epoch   17 | Train Loss: 0.02583150 | Validation Loss: 0.02655592
2026-09-14 19:25:25,106 | INFO | Epoch   20 | Train Loss: 0.02530623 | Validation Loss: 0.02719909
2026-09-14 19:25:28,539 | INFO | Epoch   30 | Train Loss: 0.02372875 | Validation Loss: 0.02691981
2026-09-14 19:25:30,642 | INFO | Early stopping triggered at epoch 37. Best epoch: 17
2026-09-14 19:25:30,644 | INFO | Restored best checkpoint from epoch 17.
2026-09-14 19:25:30,667 | INFO | Final Validation R2: 0.0891
2026-09-14 19:25:30,693 | INFO | Final Test Evaluation -> R2: 0.0656, Pearson: 0.2589
2026-09-14 19:25:30,693 | INFO | Computing CNN In-Silico Mutagenesis (ISM) and Integrated Gradients...
2026-09-14 19:25:33,308 | INFO | CNN XAI whitelist importance computed (161 features).
2026-09-14 19:25:33,352 | INFO | CNN experiment finished successfully.
